.ets Jun  8 2016 00:22:57

rst:0x1 (POWERON_RESET),boot:0x13 (SPI_FAST_FLASH_BOOT)
configsip: 0, SPIWP:0xee
clk_drv:0x00,q_drv:0x00,d_drv:0x00,cs0_drv:0x00,hd_drv:0x00,wp_drv:0x00
mode:DIO, clock div:2
load:0x3fff0030,len:4
load:0x3fff0034,len:6976
ho 0 tail 12 room 4
load:0x40078000,len:13100
load:0x40080400,len:3884
entry 0x40080688
[0;32mI (30) boot: ESP-IDF v4.1-521-ge00419c97-dirty 2nd stage bootloader[0m
[0;32mI (30) boot: compile time 12:20:18[0m
[0;32mI (30) boot: chip revision: 1[0m
[0;32mI (35) boot_comm: chip revision: 1, min. bootloader chip revision: 0[0m
[0;32mI (42) boot.esp32: SPI Speed      : 40MHz[0m
[0;32mI (47) boot.esp32: SPI Mode       : DIO[0m
[0;32mI (51) boot.esp32: SPI Flash Size : 2MB[0m
[0;32mI (56) boot: Enabling RNG early entropy source...[0m
[0;32mI (61) boot: Partition Table:[0m
[0;32mI (65) boot: ## Label            Usage          Type ST Offset   Length[0m
[0;32mI (72) boot:  0 nvs              WiFi data        01 02 00009000 00006000[0m
[0;32mI (79) boot:  1 phy_init         RF data          01 01 0000f000 00001000[0m
[0;32mI (87) boot:  2 factory          factory app      00 00 00010000 00100000[0m
[0;32mI (94) boot: End of partition table[0m
[0;32mI (98) boot_comm: chip revision: 1, min. application chip revision: 0[0m
[0;32mI (106) esp_image: segment 0: paddr=0x00010020 vaddr=0x3f400020 size=0x1b754 (112468) map[0m
[0;32mI (157) esp_image: segment 1: paddr=0x0002b77c vaddr=0x3ffbdb60 size=0x03358 ( 13144) load[0m
[0;32mI (163) esp_image: segment 2: paddr=0x0002eadc vaddr=0x40080000 size=0x00404 (  1028) load[0m
[0;32mI (165) esp_image: segment 3: paddr=0x0002eee8 vaddr=0x40080404 size=0x01130 (  4400) load[0m
[0;32mI (175) esp_image: segment 4: paddr=0x00030020 vaddr=0x400d0020 size=0x76f0c (487180) map[0m
[0;32mI (367) esp_image: segment 5: paddr=0x000a6f34 vaddr=0x40081534 size=0x12f94 ( 77716) load[0m
[0;32mI (413) boot: Loaded app from partition at offset 0x10000[0m
[0;32mI (413) boot: Disabling RNG early entropy source...[0m
[0;32mI (413) cpu_start: Pro cpu up.[0m
[0;32mI (417) cpu_start: Application information:[0m
[0;32mI (422) cpu_start: Project name:     ble_ibeacon_demo[0m
[0;32mI (428) cpu_start: App version:      0963f94-dirty[0m
[0;32mI (433) cpu_start: Compile time:     Jan  4 2021 13:16:23[0m
[0;32mI (439) cpu_start: ELF file SHA256:  6190255fcd4854ce...[0m
[0;32mI (445) cpu_start: ESP-IDF:          v4.1-521-ge00419c97-dirty[0m
[0;32mI (452) cpu_start: Starting app cpu, entry point is 0x400812b0[0m
[0;32mI (0) cpu_start: App cpu up.[0m
[0;32mI (462) heap_init: Initializing. RAM available for dynamic allocation:[0m
[0;32mI (469) heap_init: At 3FFAFF10 len 000000F0 (0 KiB): DRAM[0m
[0;32mI (475) heap_init: At 3FFB6388 len 00001C78 (7 KiB): DRAM[0m
[0;32mI (481) heap_init: At 3FFB9A20 len 00004108 (16 KiB): DRAM[0m
[0;32mI (487) heap_init: At 3FFBDB5C len 00000004 (0 KiB): DRAM[0m
[0;32mI (493) heap_init: At 3FFC89B0 len 00017650 (93 KiB): DRAM[0m
[0;32mI (499) heap_init: At 3FFE0440 len 00003AE0 (14 KiB): D/IRAM[0m
[0;32mI (506) heap_init: At 3FFE4350 len 0001BCB0 (111 KiB): D/IRAM[0m
[0;32mI (512) heap_init: At 400944C8 len 0000BB38 (46 KiB): IRAM[0m
[0;32mI (518) cpu_start: Pro cpu start user code[0m
[0;32mI (537) spi_flash: detected chip: generic[0m
[0;32mI (537) spi_flash: flash io: dio[0m
[0;33mW (537) spi_flash: Detected size(4096k) larger than the size in the binary image header(2048k). Using the size in the binary image header.[0m
[0;32mI (548) cpu_start: Starting scheduler on PRO CPU.[0m
[0;32mI (0) cpu_start: Starting scheduler on APP CPU.[0m
[0;32mI (594) BTDM_INIT: BT controller compile version [4bb1a62][0m
[0;32mI (594) system_api: Base MAC address is not set, read default base MAC address from BLK0 of EFUSE[0m
[0;32mI (694) phy: phy_version: 4390, 6b3c1f2, Sep 10 2020, 15:09:07, 0, 0[0m
[0;32mI (1034) IBEACON_DEMO: register callback[0m
[0;32mI (8424) IBEACON_DEMO: 7[0m
[0;32mI (9714) IBEACON_DEMO: 9[0m
[0;32mI (11004) IBEACON_DEMO: 10[0m
Executing action: monitor
Running idf_monitor in directory /home/pi/IoTProject/ble_ibeacon
Executing "/home/pi/.espressif/python_env/idf4.1_py3.5_env/bin/python /home/pi/IoTProject/esp-idf/tools/idf_monitor.py -p /dev/ttyUSB0 -b 115200 --toolchain-prefix xtensa-esp32-elf- /home/pi/IoTProject/ble_ibeacon/build/ble_ibeacon_demo.elf -m '/home/pi/.espressif/python_env/idf4.1_py3.5_env/bin/python' '/home/pi/IoTProject/esp-idf/tools/idf.py' '-p' '/dev/ttyUSB0'"...
