ts Jun  8 2016 00:22:57

rst:0x1 (POWERON_RESET),boot:0x13 (SPI_FAST_FLASH_BOOT)
configsip: 0, SPIWP:0xee
clk_drv:0x00,q_drv:0x00,d_drv:0x00,cs0_drv:0x00,hd_drv:0x00,wp_drv:0x00
mode:DIO, clock div:2
load:0x3fff0030,len:4
load:0x3fff0034,len:6892
load:0x40078000,len:13100
ho 0 tail 12 room 4
load:0x40080400,len:3884
entry 0x40080688
[0;32mI (30) boot: ESP-IDF v4.1-520-gc3324a82a 2nd stage bootloader[0m
[0;32mI (30) boot: compile time 16:41:04[0m
[0;32mI (31) boot: chip revision: 1[0m
[0;32mI (34) boot_comm: chip revision: 1, min. bootloader chip revision: 0[0m
[0;32mI (41) boot.esp32: SPI Speed      : 40MHz[0m
[0;32mI (46) boot.esp32: SPI Mode       : DIO[0m
[0;32mI (51) boot.esp32: SPI Flash Size : 2MB[0m
[0;32mI (55) boot: Enabling RNG early entropy source...[0m
[0;32mI (61) boot: Partition Table:[0m
[0;32mI (64) boot: ## Label            Usage          Type ST Offset   Length[0m
[0;32mI (71) boot:  0 nvs              WiFi data        01 02 00009000 00006000[0m
[0;32mI (79) boot:  1 phy_init         RF data          01 01 0000f000 00001000[0m
[0;32mI (86) boot:  2 factory          factory app      00 00 00010000 00100000[0m
[0;32mI (94) boot: End of partition table[0m
[0;32mI (98) boot_comm: chip revision: 1, min. application chip revision: 0[0m
[0;32mI (105) esp_image: segment 0: paddr=0x00010020 vaddr=0x3f400020 size=0x1b4d4 (111828) map[0m
[0;32mI (157) esp_image: segment 1: paddr=0x0002b4fc vaddr=0x3ffbdb60 size=0x03340 ( 13120) load[0m
[0;32mI (163) esp_image: segment 2: paddr=0x0002e844 vaddr=0x40080000 size=0x00404 (  1028) load[0m
[0;32mI (164) esp_image: segment 3: paddr=0x0002ec50 vaddr=0x40080404 size=0x013c8 (  5064) load[0m
[0;32mI (175) esp_image: segment 4: paddr=0x00030020 vaddr=0x400d0020 size=0x76f24 (487204) map[0m
[0;32mI (367) esp_image: segment 5: paddr=0x000a6f4c vaddr=0x400817cc size=0x12cfc ( 77052) load[0m
[0;32mI (412) boot: Loaded app from partition at offset 0x10000[0m
[0;32mI (412) boot: Disabling RNG early entropy source...[0m
[0;32mI (413) cpu_start: Pro cpu up.[0m
[0;32mI (416) cpu_start: Application information:[0m
[0;32mI (421) cpu_start: Project name:     ble_ibeacon_demo[0m
[0;32mI (427) cpu_start: App version:      1[0m
[0;32mI (431) cpu_start: Compile time:     Jan  2 2021 16:52:36[0m
[0;32mI (437) cpu_start: ELF file SHA256:  75a6f365c3d80178...[0m
[0;32mI (443) cpu_start: ESP-IDF:          v4.1-520-gc3324a82a[0m
[0;32mI (449) cpu_start: Starting app cpu, entry point is 0x400812b0[0m
[0;32mI (0) cpu_start: App cpu up.[0m
[0;32mI (460) heap_init: Initializing. RAM available for dynamic allocation:[0m
[0;32mI (466) heap_init: At 3FFAFF10 len 000000F0 (0 KiB): DRAM[0m
[0;32mI (472) heap_init: At 3FFB6388 len 00001C78 (7 KiB): DRAM[0m
[0;32mI (479) heap_init: At 3FFB9A20 len 00004108 (16 KiB): DRAM[0m
[0;32mI (485) heap_init: At 3FFBDB5C len 00000004 (0 KiB): DRAM[0m
[0;32mI (491) heap_init: At 3FFC8998 len 00017668 (93 KiB): DRAM[0m
[0;32mI (497) heap_init: At 3FFE0440 len 00003AE0 (14 KiB): D/IRAM[0m
[0;32mI (503) heap_init: At 3FFE4350 len 0001BCB0 (111 KiB): D/IRAM[0m
[0;32mI (510) heap_init: At 400944C8 len 0000BB38 (46 KiB): IRAM[0m
[0;32mI (516) cpu_start: Pro cpu start user code[0m
[0;32mI (534) spi_flash: detected chip: generic[0m
[0;32mI (535) spi_flash: flash io: dio[0m
[0;33mW (535) spi_flash: Detected size(4096k) larger than the size in the binary image header(2048k). Using the size in the binary image header.[0m
[0;32mI (545) cpu_start: Starting scheduler on PRO CPU.[0m
[0;32mI (0) cpu_start: Starting scheduler on APP CPU.[0m
[0;32mI (592) BTDM_INIT: BT controller compile version [4bb1a62][0m
[0;32mI (592) system_api: Base MAC address is not set, read default base MAC address from BLK0 of EFUSE[0m
[0;32mI (692) phy: phy_version: 4390, 6b3c1f2, Sep 10 2020, 15:09:07, 0, 0[0m
[0;32mI (1042) IBEACON_DEMO: register callback[0m
[0;32mI (4582) IBEACON_DEMO: RSSI of packet:-72 dbm[0m
[0;32mI (12332) IBEACON_DEMO: RSSI of packet:-82 dbm[0m
[0;32mI (13622) IBEACON_DEMO: RSSI of packet:-68 dbm[0m
[0;32mI (14912) IBEACON_DEMO: RSSI of packet:-73 dbm[0m
[0;32mI (21372) IBEACON_DEMO: RSSI of packet:-70 dbm[0m
[0;32mI (22662) IBEACON_DEMO: RSSI of packet:-72 dbm[0m
[0;32mI (32982) IBEACON_DEMO: RSSI of packet:-67 dbm[0m
[0;32mI (34282) IBEACON_DEMO: RSSI of packet:-68 dbm[0m
Executing action: /dev/ttyUSB0
Running make in directory /home/pi/ble_ibeacon/build
Executing "make -j 6 /dev/ttyUSB0"...
Executing action: monitor
Choosing default port b'/dev/ttyUSB0' (use '-p PORT' option to set a specific serial port)
Running idf_monitor in directory /home/pi/ble_ibeacon
Executing "/home/pi/.espressif/python_env/idf4.1_py3.5_env/bin/python /home/pi/esp-idf/tools/idf_monitor.py -p /dev/ttyUSB0 -b 115200 --toolchain-prefix xtensa-esp32-elf- /home/pi/ble_ibeacon/build/ble_ibeacon_demo.elf -m '/home/pi/.espressif/python_env/idf4.1_py3.5_env/bin/python' '/home/pi/esp-idf/tools/idf.py' '/dev/ttyUSB0'"...
